../Core/Src/elevator.c:49:6:CHECK_FLOOR_OVERFLOW	16	static
../Core/Src/elevator.c:55:9:REQ_BIT	16	static
../Core/Src/elevator.c:64:6:REQ_CHECK	24	static
../Core/Src/elevator.c:80:6:REQ_TOGGLE	24	static
../Core/Src/elevator.c:89:9:REQ_NEAREST	24	static
../Core/Src/elevator.c:113:6:ELEVATOR_DIR	4	static
../Core/Src/elevator.c:131:6:OUT_REQ_SET_UP	24	static
../Core/Src/elevator.c:138:6:OUT_REQ_SET_DOWN	24	static
../Core/Src/elevator.c:145:6:OUT_REQ_CLEAR_UP	24	static
../Core/Src/elevator.c:152:6:OUT_REQ_CLEAR_DOWN	24	static
../Core/Src/elevator.c:161:6:ALL_OUTPUTS_OFF	8	static
../Core/Src/elevator.c:170:6:MOTOR_STOP	8	static
../Core/Src/elevator.c:177:6:EMG_STOP_NEXT	4	static
../Core/Src/elevator.c:195:6:CHANGED_FLOOR	24	static
../Core/Src/elevator.c:308:6:ELEVATOR_MOVE	16	static
