02:13:09 **** Incremental Build of configuration Debug for project TEAM6_Elevator_FND ****
make -j12 all 
arm-none-eabi-gcc "../Core/Src/main.c" -mcpu=cortex-m4 -std=gnu11 -g3 -DDEBUG -DUSE_HAL_DRIVER -DSTM32F411xE -c -I../Core/Inc -I../Drivers/STM32F4xx_HAL_Driver/Inc -I../Drivers/STM32F4xx_HAL_Driver/Inc/Legacy -I../Drivers/CMSIS/Device/ST/STM32F4xx/Include -I../Drivers/CMSIS/Include -O0 -ffunction-sections -fdata-sections -Wall -fstack-usage -fcyclomatic-complexity -MMD -MP -MF"Core/Src/main.d" -MT"Core/Src/main.o" --specs=nano.specs -mfpu=fpv4-sp-d16 -mfloat-abi=hard -mthumb -o "Core/Src/main.o"
../Core/Src/main.c: In function 'main':
../Core/Src/main.c:110:11: warning: implicit declaration of function 'LED_BAR_UP_ing' [-Wimplicit-function-declaration]
  110 |           LED_BAR_UP_ing();
      |           ^~~~~~~~~~~~~~
../Core/Src/main.c:117:18: warning: implicit declaration of function 'FND_ScanOnce' [-Wimplicit-function-declaration]
  117 |                  FND_ScanOnce();
      |                  ^~~~~~~~~~~~
In file included from ../Core/Src/main.c:32:
../Core/Inc/fnd.h: At top level:
../Core/Inc/fnd.h:43:20: warning: 'tiny_delay' declared 'static' but never defined [-Wunused-function]
   43 | static inline void tiny_delay(void);
      |                    ^~~~~~~~~~
arm-none-eabi-gcc -o "TEAM6_Elevator_FND.elf" @"objects.list"   -mcpu=cortex-m4 -T"/home/appletea/workspace_onedevice_2/Project 2/TEAM6_Elevator_FND/STM32F411RETX_FLASH.ld" --specs=nosys.specs -Wl,-Map="TEAM6_Elevator_FND.map" -Wl,--gc-sections -static --specs=nano.specs -mfpu=fpv4-sp-d16 -mfloat-abi=hard -mthumb -Wl,--start-group -lc -lm -Wl,--end-group
Finished building target: TEAM6_Elevator_FND.elf
 
arm-none-eabi-size  TEAM6_Elevator_FND.elf 
arm-none-eabi-objdump -h -S TEAM6_Elevator_FND.elf  > "TEAM6_Elevator_FND.list"
   text	   data	    bss	    dec	    hex	filename
  12820	     72	   1736	  14628	   3924	TEAM6_Elevator_FND.elf
Finished building: default.size.stdout
 
Finished building: TEAM6_Elevator_FND.list
 
02:13:10 **** Incremental Build of configuration Debug for project TEAM6_Elevator_FND ****
make -j12 all 
arm-none-eabi-size  TEAM6_Elevator_FND.elf 
   text	   data	    bss	    dec	    hex	filename
  12820	     72	   1736	  14628	   3924	TEAM6_Elevator_FND.elf
Finished building: default.size.stdout
 
