17:40:24 **** Incremental Build of configuration Debug for project TEAM6_Elevator_ALL ****
make -j12 all 
arm-none-eabi-gcc "../Core/Src/elevator.c" -mcpu=cortex-m4 -std=gnu11 -g3 -DDEBUG -DUSE_HAL_DRIVER -DSTM32F411xE -c -I../Core/Inc -I../Drivers/STM32F4xx_HAL_Driver/Inc -I../Drivers/STM32F4xx_HAL_Driver/Inc/Legacy -I../Drivers/CMSIS/Device/ST/STM32F4xx/Include -I../Drivers/CMSIS/Include -O0 -ffunction-sections -fdata-sections -Wall -fstack-usage -fcyclomatic-complexity -MMD -MP -MF"Core/Src/elevator.d" -MT"Core/Src/elevator.o" --specs=nano.specs -mfpu=fpv4-sp-d16 -mfloat-abi=hard -mthumb -o "Core/Src/elevator.o"
arm-none-eabi-gcc "../Core/Src/main.c" -mcpu=cortex-m4 -std=gnu11 -g3 -DDEBUG -DUSE_HAL_DRIVER -DSTM32F411xE -c -I../Core/Inc -I../Drivers/STM32F4xx_HAL_Driver/Inc -I../Drivers/STM32F4xx_HAL_Driver/Inc/Legacy -I../Drivers/CMSIS/Device/ST/STM32F4xx/Include -I../Drivers/CMSIS/Include -O0 -ffunction-sections -fdata-sections -Wall -fstack-usage -fcyclomatic-complexity -MMD -MP -MF"Core/Src/main.d" -MT"Core/Src/main.o" --specs=nano.specs -mfpu=fpv4-sp-d16 -mfloat-abi=hard -mthumb -o "Core/Src/main.o"
In file included from ../Core/Inc/elevator.h:8,
                 from ../Core/Src/elevator.c:2:
../Core/Inc/fnd.h:43:13: warning: 'tiny_delay' declared 'static' but never defined [-Wunused-function]
   43 | static void tiny_delay(void);
      |             ^~~~~~~~~~
../Core/Src/main.c: In function 'main':
../Core/Src/main.c:143:11: warning: implicit declaration of function 'FND_ScanOnce' [-Wimplicit-function-declaration]
  143 |           FND_ScanOnce();
      |           ^~~~~~~~~~~~
In file included from ../Core/Inc/elevator.h:8,
                 from ../Core/Src/main.c:29:
../Core/Inc/fnd.h: At top level:
../Core/Inc/fnd.h:43:13: warning: 'tiny_delay' declared 'static' but never defined [-Wunused-function]
   43 | static void tiny_delay(void);
      |             ^~~~~~~~~~
arm-none-eabi-gcc -o "TEAM6_Elevator_ALL.elf" @"objects.list"   -mcpu=cortex-m4 -T"/home/appletea/workspace_onedevice_2/Project 2/TEAM6_Elevator_ALL/STM32F411RETX_FLASH.ld" --specs=nosys.specs -Wl,-Map="TEAM6_Elevator_ALL.map" -Wl,--gc-sections -static --specs=nano.specs -mfpu=fpv4-sp-d16 -mfloat-abi=hard -mthumb -Wl,--start-group -lc -lm -Wl,--end-group
Finished building target: TEAM6_Elevator_ALL.elf
 
arm-none-eabi-size  TEAM6_Elevator_ALL.elf 
arm-none-eabi-objdump -h -S TEAM6_Elevator_ALL.elf  > "TEAM6_Elevator_ALL.list"
   text	   data	    bss	    dec	    hex	filename
  14436	    136	   1760	  16332	   3fcc	TEAM6_Elevator_ALL.elf
Finished building: default.size.stdout
 
Finished building: TEAM6_Elevator_ALL.list
 

17:40:24 Build Finished. 0 errors, 3 warnings. (took 226ms)

